// Jest Snapshot v1, https://goo.gl/fbAQLP

exports[`should render AddPostPage correctly 1`] = `
<div>
  <h1>
    Add Post Page
  </h1>
  <PostForm
    onSubmit={[Function]}
    post={null}
  />
</div>
`;
