// Jest Snapshot v1, https://goo.gl/fbAQLP

exports[`should render Header correctly 1`] = `
<header>
  <h1>
    Blog
  </h1>
  <NavLink
    activeClassName="active"
    aria-current="page"
    to="/"
  >
    Dashboard
  </NavLink>
  <NavLink
    activeClassName="active"
    aria-current="page"
    to="/create"
  >
    Create post
  </NavLink>
</header>
`;
